<html>
<body>
<pre>
<h1>µVision Build Log</h1>
<h2>Tool Versions:</h2>
IDE-Version: µVision V5.21.1.0
Copyright (C) 2016 ARM Ltd and ARM Germany GmbH. All rights reserved.
License Information: Electrical & Computer Engineering, Kansas State University, LIC=----
 
Tool Versions:
Toolchain:       MDK-Lite  Version: 5.21a
Toolchain Path:  C:\Keil_v5\ARM\ARMCC\Bin
C Compiler:      Armcc.exe V5.06 update 3 (build 300)
Assembler:       Armasm.exe V5.06 update 3 (build 300)
Linker/Locator:  ArmLink.exe V5.06 update 3 (build 300)
Library Manager: ArmAr.exe V5.06 update 3 (build 300)
Hex Converter:   FromElf.exe V5.06 update 3 (build 300)
CPU DLL:         SARMCM3.DLL V5.21a
Dialog DLL:      DCM.DLL V1.13.8.0
Target DLL:      STLink\ST-LINKIII-KEIL_SWO.dll V2.0.18.0
Dialog DLL:      TCM.DLL V1.14.14.0
 
<h2>Project:</h2>
W:\CONTROL\SYSTEMS\Ben\School\DSP\Lab2\Blinky.uvproj
Project File Date:  09/09/2019

<h2>Output:</h2>
*** Using Compiler 'V5.06 update 3 (build 300)', folder: 'C:\Keil_v5\ARM\ARMCC\Bin'
Build target 'STM32F407 Flash'
compiling Blinky.c...
Blinky.c(101): warning:  #177-D: variable "btns" was declared but never referenced
    uint32_t btns = 0;
Blinky.c(102): warning:  #177-D: variable "button_debounce" was declared but never referenced
  	uint8_t button_debounce = 0;
Blinky.c: 2 warnings, 0 errors
linking...
Program Size: Code=2432 RO-data=440 RW-data=52 ZI-data=1172  
".\Flash\Blinky.axf" - 0 Error(s), 2 Warning(s).
Build Time Elapsed:  00:00:03
</pre>
</body>
</html>
